// Jest Snapshot v1, https://goo.gl/fbAQLP

exports[`theme matches the color token snapshot 1`] = `
{
  "accent": "#274dd3",
  "accentSurface": "rgba(39, 77, 211, 0.08)",
  "accentSurfaceBorder": "rgba(39, 77, 211, 0.1)",
  "achievements": {
    "goldText": "#5a4a3a",
    "silverText": "#6A6A6A",
  },
  "achievementsProgressTrack": "#e8e8e8",
  "activities": {
    "screenBg": "#fafafa",
    "yearSelectedTint": "rgba(0, 0, 255, 0.06)",
  },
  "activityDetails": {
    "closeIcon": "#666",
    "mutedText": "#555",
  },
  "aiAnalysis": {
    "errorText": "#ff5e5e",
  },
  "analysis": {
    "bigTitle": "#d6d6d6",
    "noData": "#b0b8c9",
    "powerMeterCardBg": "#0d5c3a",
    "speedHillsAccent": "#FF9800",
    "speedMaxBar": "#388B3C",
    "windCardBg": "#1a4d2e",
  },
  "background": "#0a0a0a",
  "backgroundLight": "#F5F5F5",
  "bikes": {
    "statDivider": "#ddd",
  },
  "bikesWidgetLink": "#4169E1",
  "black": "#000000",
  "border": "#ECECEC",
  "borderDark": "#2a2a2a",
  "borderLight": "#e0e0e0",
  "borderSubtle": "#EFEFEF",
  "calendar": {
    "bodyText": "#333333",
    "checkIcon": "#9CA3AF",
    "dateMuted": "#c7c7c7",
    "nearBlackFill": "#111111",
    "rowBg": "#f5f5f5",
  },
  "chart": {
    "axisLine": "#333333",
    "axisLineLight": "#e1e1e1",
    "axisTextLight": "#94a3b8",
    "caption": "#6b7280",
    "legendTextOnDark": "#f6f8ff",
    "powerAccent": "#7eaaff",
    "progressLine": "#3d9bf9",
    "radarGrid": "#3b4252",
    "richOverlayBg": "#2B2B2B",
    "series1": "#274dd3",
    "series2": "#10b981",
    "series3": "#FF5E00",
    "series4": "#8B5CF6",
    "series5": "#00B2FF",
    "series6": "#f59e0b",
  },
  "checklistPreview": {
    "badgeBg": "#EbEbEb",
    "badgeBorder": "#D9D9DE",
    "progressTrack": "#E1E1E1",
  },
  "coach": {
    "accents": {
      "amber": {
        "border": "#F0E7D8",
        "glow": "rgba(245, 161, 30, 0.08)",
        "gradTop": "#FFFAF2",
        "icon": "#F5A11E",
        "tint": "rgba(245, 161, 30, 0.12)",
      },
      "blue": {
        "border": "#E9EAF0",
        "glow": "rgba(47, 107, 255, 0.09)",
        "gradTop": "#FBFCFF",
        "icon": "#2F6BFF",
        "tint": "rgba(47, 107, 255, 0.12)",
      },
      "gray": {
        "border": "#ECECEF",
        "glow": "rgba(107, 114, 128, 0.06)",
        "gradTop": "#FAFAFC",
        "icon": "#6B7280",
        "tint": "rgba(107, 114, 128, 0.10)",
      },
      "green": {
        "border": "#E4EFE9",
        "glow": "rgba(20, 168, 99, 0.09)",
        "gradTop": "#F6FCF9",
        "icon": "#1FB16B",
        "tint": "rgba(31, 177, 107, 0.10)",
      },
      "orange": {
        "border": "#F6E2D8",
        "glow": "rgba(252, 82, 0, 0.08)",
        "gradTop": "#FFF8F4",
        "icon": "#FC5200",
        "tint": "rgba(252, 82, 0, 0.10)",
      },
      "purple": {
        "border": "#ECE7FB",
        "glow": "rgba(139, 92, 246, 0.08)",
        "gradTop": "#FAF8FF",
        "icon": "#8B5CF6",
        "tint": "rgba(139, 92, 246, 0.12)",
      },
      "red": {
        "border": "#F5DEDF",
        "glow": "rgba(229, 72, 77, 0.08)",
        "gradTop": "#FFF8F8",
        "icon": "#E5484D",
        "tint": "rgba(229, 72, 77, 0.10)",
      },
    },
    "badgeNegativeBg": "#FCE3E3",
    "badgePositiveBg": "#DBF3E5",
    "bubbleCoachBg": "#f1f1f1",
    "cardGradientEnd": "#FFFFFF",
    "divider": "#F1F1F4",
    "effortRings": {
      "easy": [
        "#2FD37E",
        "#14A863",
      ],
      "exhausted": [
        "#EF6B6B",
        "#D84343",
      ],
      "hard": [
        "#FF8A50",
        "#F26B1D",
      ],
      "heavy": [
        "#9B7EEA",
        "#6A4CCF",
      ],
      "moderate": [
        "#FFC24B",
        "#F5A11E",
      ],
      "recovery": [
        "#7CC2FF",
        "#4DA3FF",
      ],
      "tempo": [
        "#A4D96B",
        "#7CB342",
      ],
    },
    "eyebrowText": "#8A8A93",
    "goalChipBase": "#2F4BDF",
    "listRowBorder": "#F2F2F2",
    "metricArrow": "#CFCFD4",
    "metricBetter": "#12965A",
    "metricOldValue": "#B6B6BC",
    "neutralRingEnd": "#B0B0B7",
    "neutralRingStart": "#D8D8DE",
    "overtrainingRisk": {
      "elevated": "#F26B1D",
      "high": "#D84343",
      "low": "#7CB342",
      "moderate": "#F9A825",
    },
    "progressRingTrack": "#EDEFF1",
    "recoveryRings": {
      "good": [
        "#A4D96B",
        "#7CB342",
      ],
      "low": [
        "#FF8A50",
        "#F26B1D",
      ],
      "moderate": [
        "#FFC24B",
        "#F5A11E",
      ],
      "peak": [
        "#2FD37E",
        "#14A863",
      ],
      "veryLow": [
        "#EF6B6B",
        "#D84343",
      ],
    },
    "rowMuted": "#9A9AA2",
    "skillTileBorder": "#EFEFF2",
    "suggestedGradient": [
      "#4F6BFF",
      "#9B5DE5",
    ],
    "syncButtonBase": "#80848E",
    "syncButtonText": "#1F232E",
    "trendChart": {
      "fatigueNote": "#B5560A",
      "hrFill": "#F5511E",
      "hrStrokeEnd": "#F5401A",
      "hrStrokeStart": "#FF6A2C",
      "legendText": "#61616B",
      "speedLegendDot": "#17A9F0",
      "speedStrokeEnd": "#0E9BEE",
      "speedStrokeStart": "#2FB6FF",
    },
  },
  "coachChatBg": "#fdfdfd",
  "coachMemory": {
    "pillBg": "#EAEAEC",
    "pillText": "#6B6B70",
    "trashIcon": "#B0B0B5",
  },
  "danger": "#ef4444",
  "dangerStrong": "#DC2626",
  "dangerSurface": "#FDECEC",
  "disabled": "#cccccc",
  "divider": "#f0f0f0",
  "garage": {
    "barTrack": "#EBEBED",
    "coachFooterBg": "#F1F3F8",
    "divider": "#F0F0F2",
    "gaugeTrack": "#DDDDE0",
    "pillBorder": "#D1D1D6",
  },
  "goalHeaderRingEnd": "#5B7FE8",
  "goals": {
    "expiredBadgeBg": "#EDEDED",
    "expiredBg": "#F4F4F4",
    "expiredBorder": "#E4E4E4",
  },
  "hairline": "#eee",
  "icon": {
    "dark": "#333",
    "default": "#e3e3e3",
    "muted": "#666",
  },
  "ink": "#191b20",
  "knowledgeCenter": {
    "bg": "#111",
    "bulletText": "#bbb",
    "contentBg": "#151515",
    "sidebarBg": "#0d0d0d",
  },
  "lastRideHero": {
    "dimOverlay": "rgba(1, 6, 19, 0.35)",
    "gradientBottom": "rgba(24, 2, 53, 0.08)",
    "gradientTop": "rgba(2, 13, 37, 0.08)",
  },
  "nutritionBadgeBg": "#2CAB2A",
  "rideAnalyticsBg": "#111216",
  "rideQuality": {
    "average": "#F9A825",
    "awesome": "#6A4CCF",
    "belowAvg": "#EF6C00",
    "excellent": "#5B8DEF",
    "good": "#7CB342",
    "poor": "#6A4CCF",
    "wellDone": "#2BB673",
  },
  "score": {
    "good": "#3b82f6",
    "low": "#f97316",
  },
  "scrim": "rgba(0, 0, 0, 0.3)",
  "segmentTrackBg": "#E9E9EC",
  "separator": "#C7C7CC",
  "settingsDivider": "#c6c6c8",
  "shadow": "#10101E",
  "share": {
    "carouselOptionBg": "#2d2d2d",
    "darkPanelBg": "#222",
    "gradients": {
      "blue": [
        "#0f2027",
        "#203a43",
        "#2c5364",
      ],
      "dark": [
        "#0a0a0a",
        "#1a1a2e",
        "#16213e",
      ],
      "purple": [
        "#0f0c29",
        "#302b63",
        "#24243e",
      ],
      "sunset": [
        "#0f0c29",
        "#4a2c2a",
        "#1a1a2e",
      ],
    },
    "mutedWhite50": "rgba(255, 255, 255, 0.5)",
    "mutedWhite60": "rgba(255, 255, 255, 0.6)",
    "picker": {
      "checkerDark": "#444",
      "checkerLight": "#ccc",
      "mapDarkSwatch": "#2c2c2c",
      "mutedLabel": "#999",
      "photoCircleBg": "#3a3a3a",
    },
    "templateB": {
      "gradientFadeDark": [
        "rgba(0,0,0,0.1)",
        "rgba(0,0,0,0.30)",
        "rgba(0,0,0,0.55)",
        "rgba(0,0,0,0.75)",
      ],
      "mapPlaceholderBg": "#111",
      "mapPlaceholderText": "rgba(255,255,255,0.2)",
      "mutedLabel": "rgba(255,255,255,0.45)",
    },
    "templateC": {
      "gradientBottom": [
        "rgba(0, 0, 0, 0.15)",
        "rgba(0, 0, 0, 0.86)",
      ],
      "gradientTop": [
        "rgba(11, 30, 97, 0.2)",
        "rgba(39, 77, 211, 0.15)",
      ],
    },
    "templateD": {
      "gradientBottom": [
        "rgba(0, 0, 0, 0)",
        "rgba(1, 1, 8, 0.78)",
      ],
      "gradientTop": [
        "rgba(11, 30, 97, 0.05)",
        "rgba(39, 48, 211, 0.1)",
      ],
    },
    "templateF": {
      "mutedTitle": "rgba(255, 255, 255, 0.8)",
    },
  },
  "speedWidget": {
    "cardBg": "#f1f0f0",
    "inactiveBar": "#ACB6D1",
    "selectedBar": "#7DA6FF",
  },
  "strava": {
    "benefitIconBg": "#EDEEFB",
    "brandOrange": "#FC4C02",
    "statusOkBg": "#22c55e",
  },
  "success": "#10b981",
  "successAlt": "#4CAF50",
  "successStrong": "#16a34a",
  "surface": "#1A1A1A",
  "surfaceDark": "#222222",
  "surfaceDarkAlt": "#212121",
  "surfaceElevated": "#ffffff",
  "surfaceLight": "#f8f8fa",
  "text": {
    "deepInk": "#0E0E12",
    "faint": "#999999",
    "inverse": "#ffffff",
    "iosMuted": "#8E8E93",
    "iosMutedLight": "#AEAEB2",
    "muted": "#888888",
    "placeholder": "#aaaaaa",
    "primary": "#1a1a1a",
    "secondary": "#666666",
  },
  "vo2max": {
    "gradient": [
      "#e77c31",
      "#f1c244",
      "#b3e450",
      "#7adb87",
      "#55b3d1",
      "#4f80f0",
    ],
    "indicatorBadgeBg": "#24272a",
    "indicatorLine": "#565863",
    "labelText": "#aaaaaa",
  },
  "warning": "#f59e0b",
  "weatherErrorText": "#e53935",
}
`;
